// Vitest Snapshot v1, https://vitest.dev/guide/snapshot.html

exports[`<ChatMessages tests/> > ChatMessages renders correctly 1`] = `
"<div class="flex-1 overflow-y-auto p-4">
  <div class="flex flex-col space-y-2" id="messagesUp">
    <div class="flex justify-end" id="1">
      <div class="bg-blue-200 text-black p-2 rounded-lg max-w-xs">Hello, World!</div>
    </div>
    <div class="flex" id="2">
      <div class="bg-gray-300 text-black p-2 rounded-lg max-w-xs"><span class="capitalize">Bye, World!</span>
        <!--v-if-->
      </div>
    </div>
    <div class="flex justify-end" id="3">
      <div class="bg-blue-200 text-black p-2 rounded-lg max-w-xs">Hello, World!</div>
    </div>
    <div class="flex" id="4">
      <div class="bg-gray-300 text-black p-2 rounded-lg max-w-xs"><span class="capitalize">Bye, World!</span>
        <!--v-if-->
      </div>
    </div>
    <!--  v-bind="message" is the short way of this --     :message="message.message"
      :isMine="message.isMine"
      :image="message.image" -->
  </div>
</div>"
`;
